# Dragonfly seed peer (dragonfly-seed-client-0) log excerpt.
# Source: kubectl -n dragonfly-system logs dragonfly-seed-client-0 --timestamps
# Signed CDN query strings after "?" are redacted as <signed-query-redacted>.
# This is the origin (back-to-source) evidence for the cold run, plus the peer
# uploads to both tenant nodes.

# --- tenant-a cold run: the seed peer fetches from the origin ---

2026-09-26T06:56:51.236764Z INFO dfdaemon_upload.rs:353: download task started: url="https://us.aws.cdn.hf.co/xet-bridge-us/621ffdc036468d709f174347/22f1240b...?<signed-query-redacted>" remote_ip=10.244.0.14 host_id="10.244.2.3-dragonfly-seed-client-0-seed" task_id="c8dca2997b92a8a1c371703fb29ab83a2148a18213ed830f1c4fb944d53eb5d7"
# (remote_ip 10.244.0.14 is the tenant-a Job pod that requested via its node proxy)

2026-09-26T06:56:51.688178Z INFO resource/task.rs:475: interested pieces after downloading from local: [0..63] (64 pieces) content_length=267954768
# (the seed peer's local cache is empty on the cold run)

2026-09-26T06:56:51.688506Z INFO grpc/scheduler.rs:583: picked VNode { addr: 10.244.1.3:8002 } task_id="c8dca29..."

2026-09-26T06:56:51.690058Z INFO resource/task.rs:968: need back to source response task_id="c8dca2997b92a8a1c371703fb29ab83a2148a18213ed830f1c4fb944d53eb5d7" url="https://us.aws.cdn.hf.co/xet-bridge-us/.../22f1240b...?<signed-query-redacted>"
# ^ this is the origin back-to-source: the seed peer fetches from us.aws.cdn.hf.co

2026-09-26T06:57:00.178247Z INFO dfdaemon_upload.rs:1122: all interested pieces have been finished remote_host_id="172.18.0.4-dragonfly-host-control-plane" task_id="c8dca29..."
# (seed peer served the pieces to the tenant-a node)

# --- tenant-b second run: the seed peer serves cached pieces, NO new back-to-source ---

2026-09-26T07:00:15.839810Z INFO dfdaemon_upload.rs:1111: all existing pieces have been sent remote_host_id="172.18.0.3-dragonfly-host-worker2" task_id="c8dca2997b92a8a1c371703fb29ab83a2148a18213ed830f1c4fb944d53eb5d7"
# (seed peer served cached pieces to the tenant-b node; no "need back to source"
#  line appears during tenant-b's window)

# Interpretation: there is exactly one back-to-source (during tenant-a, at
# 06:56:51). During tenant-b's window (07:00:15) the seed peer only uploads
# already-cached pieces. A full byte-level accounting was not performed, but no
# repeated origin fetch was observed for tenant-b.
